// Jest Snapshot v1, https://goo.gl/fbAQLP

exports[`test dog reducer test getDogRequestAction 1`] = `
Object {
  "dogUrl": undefined,
  "error": false,
  "loading": true,
}
`;
